[bittrustsecure.com/index.html]
[backblue.gif]
[fade.gif]
[index.html]
[bittrustsecure.com/netema/images/favicon.png]
[bittrustsecure.com/netema/css/bootstrap.min.css]
[bittrustsecure.com/netema/css/jquery-ui.min.css]
[bittrustsecure.com/netema/css/animate.css]
[bittrustsecure.com/netema/css/menuzord-skins/menuzord-boxed.css]
[bittrustsecure.com/netema/css/css-plugin-collections.css]
[bittrustsecure.com/netema/css/preloader.css]
[bittrustsecure.com/netema/css/style-main.css]
[bittrustsecure.com/netema/css/custom-bootstrap-margin-padding.css]
[bittrustsecure.com/netema/css/responsive.css]
[bittrustsecure.com/netema/js/revolution-slider/css/settings.css]
[bittrustsecure.com/netema/js/revolution-slider/css/layers.css]
[bittrustsecure.com/netema/js/revolution-slider/css/navigation.css]
[bittrustsecure.com/netema/css/colors/theme-skin-color-set5.css]
[bittrustsecure.com/netema/js/jquery-2.2.4.min.js]
[bittrustsecure.com/netema/js/bootstrap.min.js]
[bittrustsecure.com/netema/js/jquery-ui.min.js]
[bittrustsecure.com/netema/js/revolution-slider/js/jquery.themepunch.tools.min.js]
[bittrustsecure.com/netema/js/jquery-plugin-collection.js]
[bittrustsecure.com/netema/js/revolution-slider/js/jquery.themepunch.revolution.min.js]
[bittrustsecure.com/indexc30b.html]
[bittrustsecure.com/indexcca3.html]
[bittrustsecure.com/index-2.html]
[bittrustsecure.com/1640686604079.png]
[bittrustsecure.com/indexbc14.html]
[bittrustsecure.com/index3898.html]
[bittrustsecure.com/index38cd.html]
[bittrustsecure.com/index0d07.html]
[bittrustsecure.com/index15a0.html]
[i.ibb.co/S3hLVfy/3.jpg]
[i.ibb.co/PcpB0gG/slider-bg.jpg]
[i.ibb.co/W3Lm138/bg-3.jpg]
[bittrustsecure.com/cdn-cgi/scripts/f2bf09f8/cloudflare-static/email-decode.min.html]
[bittrustsecure.com/netema/images/about/5.jpg]
[bittrustsecure.com/bittrustsecure.pdf]
[i.ibb.co/Fg3HcH1/ivar.jpg]
[bittrustsecure.com/cdn-cgi/l/email-protection.html]
[i.ibb.co/dP0LmTh/kenneth-270120.jpg]
[i.ibb.co/JjMWKW7/mona-ny.jpg]
[i.ibb.co/5kkTTgy/christian-2-1.jpg]
[bittrustsecure.com/netema/js/chart.js]
[bittrustsecure.com/netema/images/ref.png]
[bittrustsecure.com/styles/setting2.js]
[i.ibb.co/Vq2qnxG/cart8.jpg]
[i.ibb.co/q5gGYHZ/cart2.jpg]
[i.ibb.co/WVRR11q/cart10.jpg]
[i.ibb.co/j4wtgWy/cart12.jpg]
[i.ibb.co/jr5dfb5/cart4.jpg]
[i.ibb.co/f9vhm7P/cart5.jpg]
[i.ibb.co/fH6GjXS/ethm.jpg]
[i.ibb.co/vvjVYc3/btcm.jpg]
[bittrustsecure.com/netema/images/clients/w1.png]
[bittrustsecure.com/netema/images/clients/w2.png]
[bittrustsecure.com/netema/images/clients/w3.png]
[bittrustsecure.com/netema/images/clients/w5.png]
[bittrustsecure.com/netema/images/clients/w6.png]
[bittrustsecure.com/netema/images/clients/w7.png]
[bittrustsecure.com/netema/images/clients/w8.png]
[bittrustsecure.com/netema/images/clients/w9.png]
[bittrustsecure.com/netema/images/clients/w10.png]
[bittrustsecure.com/index56ca.html]
[bittrustsecure.com/indexa972.html]
[bittrustsecure.com/netema/js/revolution-slider/js/extensions/revolution.extension.actions.min.js]
[bittrustsecure.com/netema/js/revolution-slider/js/extensions/revolution.extension.carousel.min.js]
[bittrustsecure.com/netema/js/custom.js]
[bittrustsecure.com/netema/js/revolution-slider/js/extensions/revolution.extension.kenburn.min.js]
[bittrustsecure.com/netema/js/revolution-slider/js/extensions/revolution.extension.layeranimation.min.155.dela]
[bittrustsecure.com/netema/js/revolution-slider/js/extensions/revolution.extension.migration.min.js]
[bittrustsecure.com/netema/js/revolution-slider/js/extensions/revolution.extension.navigation.min.js]
[bittrustsecure.com/netema/js/revolution-slider/js/extensions/revolution.extension.parallax.min.js]
[bittrustsecure.com/netema/js/revolution-slider/js/extensions/revolution.extension.slideanims.min.js]
[bittrustsecure.com/netema/js/revolution-slider/js/extensions/revolution.extension.video.min.js]
[bittrustsecure.com/index.html]
[bittrustsecure.com/netema/fonts/glyphicons-halflings-regular.eot]
[bittrustsecure.com/netema/fonts/glyphicons-halflings-regulard41dd41dd41dd41dd41d.eot]
[bittrustsecure.com/netema/fonts/glyphicons-halflings-regular.html]
[bittrustsecure.com/netema/fonts/glyphicons-halflings-regular.woff]
[bittrustsecure.com/netema/fonts/glyphicons-halflings-regular.ttf]
[bittrustsecure.com/netema/css/bootstrap.min.css]
[bittrustsecure.com/netema/fonts/glyphicons-halflings-regular.svg]
[bittrustsecure.com/netema/css/images/ui-icons_444444_256x240.png]
[bittrustsecure.com/netema/css/images/ui-icons_777777_256x240.png]
[bittrustsecure.com/netema/css/images/ui-icons_555555_256x240.png]
[bittrustsecure.com/netema/css/images/ui-icons_ffffff_256x240.png]
[bittrustsecure.com/netema/css/images/ui-icons_777620_256x240.png]
[bittrustsecure.com/netema/css/images/ui-icons_cc0000_256x240.png]
[bittrustsecure.com/netema/css/jquery-ui.min.css]
[bittrustsecure.com/netema/css/animate.css]
[bittrustsecure.com/netema/css/owl.video.play.html]
[bittrustsecure.com/netema/css/fonts/flexslider-icon.html]
[bittrustsecure.com/netema/css/fonts/flexslider-icond41dd41dd41dd41dd41d.html]
[bittrustsecure.com/netema/css/fonts/flexslider-icon-2.html]
[bittrustsecure.com/netema/css/fonts/flexslider-icon-3.html]
[bittrustsecure.com/netema/css/fonts/flexslider-icon-4.html]
[bittrustsecure.com/netema/css/lightbox/close.png]
[bittrustsecure.com/netema/css/lightbox/loading.gif]
[bittrustsecure.com/netema/css/lightbox/prev.png]
[bittrustsecure.com/netema/css/lightbox/next.png]
[bittrustsecure.com/netema/css/nivolightbox-themes/default/loading.gif]
[bittrustsecure.com/netema/css/nivolightbox-themes/default/prev.png]
[bittrustsecure.com/netema/css/nivolightbox-themes/default/next.png]
[bittrustsecure.com/netema/css/nivolightbox-themes/default/close.png]
[bittrustsecure.com/netema/css/nivolightbox-themes/default/loading@2x.gif]
[bittrustsecure.com/netema/css/nivolightbox-themes/default/prev@2x.png]
[bittrustsecure.com/netema/css/nivolightbox-themes/default/next@2x.png]
[bittrustsecure.com/netema/css/nivolightbox-themes/default/close@2x.png]
[bittrustsecure.com/netema/css/font/ytp-regular.html]
[bittrustsecure.com/netema/css/bxslider/images/bx_loader.gif]
[bittrustsecure.com/netema/css/bxslider/images/arrow-left.html]
[bittrustsecure.com/netema/css/bxslider/images/arrow-right.html]
[bittrustsecure.com/netema/css/prettyPhoto/default/sprite.png]
[bittrustsecure.com/netema/css/prettyPhoto/default/sprite_x.png]
[bittrustsecure.com/netema/css/prettyPhoto/default/sprite_y.png]
[bittrustsecure.com/netema/css/prettyPhoto/default/sprite_next.png]
[bittrustsecure.com/netema/css/prettyPhoto/default/sprite_prev.png]
[bittrustsecure.com/netema/css/prettyPhoto/default/default_thumb.png]
[bittrustsecure.com/netema/css/prettyPhoto/default/loader.gif]
[bittrustsecure.com/netema/css/prettyPhoto/light_rounded/sprite.png]
[bittrustsecure.com/netema/css/prettyPhoto/light_rounded/btnNext.png]
[bittrustsecure.com/netema/css/prettyPhoto/light_rounded/btnPrevious.png]
[bittrustsecure.com/netema/css/prettyPhoto/dark_rounded/sprite.png]
[bittrustsecure.com/netema/css/prettyPhoto/dark_rounded/contentPattern.png]
[bittrustsecure.com/netema/css/prettyPhoto/dark_rounded/btnNext.png]
[bittrustsecure.com/netema/css/prettyPhoto/dark_rounded/btnPrevious.png]
[bittrustsecure.com/netema/css/prettyPhoto/dark_rounded/loader.gif]
[bittrustsecure.com/netema/css/prettyPhoto/dark_square/loader.gif]
[bittrustsecure.com/netema/css/prettyPhoto/dark_square/sprite.png]
[bittrustsecure.com/netema/css/prettyPhoto/dark_square/btnNext.png]
[bittrustsecure.com/netema/css/prettyPhoto/dark_square/btnPrevious.png]
[bittrustsecure.com/netema/css/prettyPhoto/light_square/sprite.png]
[bittrustsecure.com/netema/css/prettyPhoto/light_square/btnNext.png]
[bittrustsecure.com/netema/css/prettyPhoto/light_square/btnPrevious.png]
[bittrustsecure.com/netema/css/prettyPhoto/facebook/sprite.png]
[bittrustsecure.com/netema/css/prettyPhoto/facebook/contentPatternTop.png]
[bittrustsecure.com/netema/css/prettyPhoto/facebook/contentPatternLeft.png]
[bittrustsecure.com/netema/css/prettyPhoto/facebook/contentPatternRight.png]
[bittrustsecure.com/netema/css/prettyPhoto/facebook/loader.gif]
[bittrustsecure.com/netema/css/prettyPhoto/facebook/btnNext.png]
[bittrustsecure.com/netema/css/prettyPhoto/facebook/btnPrevious.png]
[bittrustsecure.com/netema/css/prettyPhoto/facebook/contentPatternBottom.png]
[bittrustsecure.com/netema/css/prettyPhoto/facebook/default_thumbnail.gif]
[bittrustsecure.com/netema/css/prettyPhoto/light_rounded/loader.gif]
[bittrustsecure.com/netema/css/css-plugin-collections.css]
[bittrustsecure.com/netema/css/menuzord-skins/menuzord-boxed.css]
[bittrustsecure.com/netema/css/font-awesome.min.css]
[bittrustsecure.com/netema/css/font-awesome-animation.min.css]
[bittrustsecure.com/netema/css/pe-icon-7-stroke.css]
[bittrustsecure.com/netema/css/elegant-icons.css]
[bittrustsecure.com/netema/css/utility-classes.css]
[bittrustsecure.com/netema/images/pattern1.png]
[bittrustsecure.com/netema/images/pattern2.png]
[bittrustsecure.com/netema/images/pattern3.png]
[bittrustsecure.com/netema/images/megamenu/megamenu-dropdown.jpg]
[bittrustsecure.com/netema/images/close.png]
[bittrustsecure.com/netema/images/shadow-overlay.png]
[bittrustsecure.com/netema/images/title-dots.png]
[bittrustsecure.com/netema/images/testimonials/quote_arrow.html]
[bittrustsecure.com/netema/css/style-main.css]
[bittrustsecure.com/netema/css/preloader.css]
[bittrustsecure.com/netema/css/custom-bootstrap-margin-padding.css]
[bittrustsecure.com/netema/css/responsive.css]
[bittrustsecure.com/netema/js/revolution-slider/fonts/revicons/revicons90c690c690c690c690c6.eot]
[bittrustsecure.com/netema/js/revolution-slider/fonts/revicons/revicons90c690c690c690c690c6.woff]
[bittrustsecure.com/netema/js/revolution-slider/fonts/revicons/revicons90c690c690c690c690c6.ttf]
[bittrustsecure.com/netema/js/revolution-slider/fonts/revicons/revicons90c690c690c690c690c6.svg]
[bittrustsecure.com/netema/js/revolution-slider/css/openhand.html]
[bittrustsecure.com/netema/js/revolution-slider/css/closedhand.html]
[bittrustsecure.com/netema/js/revolution-slider/assets/gridtile.png]
[bittrustsecure.com/netema/js/revolution-slider/assets/gridtile_white.png]
[bittrustsecure.com/netema/js/revolution-slider/assets/gridtile_3x3.png]
[bittrustsecure.com/netema/js/revolution-slider/assets/gridtile_3x3_white.png]
[bittrustsecure.com/netema/js/revolution-slider/assets/coloredbg.png]
[bittrustsecure.com/netema/js/revolution-slider/assets/loader.gif]
[bittrustsecure.com/netema/js/revolution-slider/css/settings.css]
[bittrustsecure.com/netema/js/revolution-slider/css/layers.css]
[bittrustsecure.com/netema/js/revolution-slider/css/navigation.css]
[bittrustsecure.com/netema/css/colors/theme-skin-color-set5.css]
[bittrustsecure.com/css/bootstrap.min.css]
[bittrustsecure.com/css/fontawesome-all.css]
[bittrustsecure.com/css/swiper.min.css]
[bittrustsecure.com/css/slider.css]
[bittrustsecure.com/css/navigation.css]
[bittrustsecure.com/css/owl.carousel.min.css]
[bittrustsecure.com/css/owl.theme.default.css]
[bittrustsecure.com/css/animate.css]
[bittrustsecure.com/css/default.css]
[bittrustsecure.com/css/styles.css]
[bittrustsecure.com/indexe47e.html]
[bittrustsecure.com/index0d07-2.html]
[bittrustsecure.com/indexc30b.html]
[bittrustsecure.com/indexcca3.html]
[bittrustsecure.com/index-2.html]
[bittrustsecure.com/indexbc14.html]
[bittrustsecure.com/index8083.html]
[bittrustsecure.com/_netema/images/bg/slide1.html]
[bittrustsecure.com/bittrustsecure.png]
[bittrustsecure.com/index3898.html]
[bittrustsecure.com/index0d07.html]
[bittrustsecure.com/index38cd.html]
[bittrustsecure.com/index15a0.html]
[bittrustsecure.com/img-sys/server_misconfigured.png]
[bittrustsecure.com/img-sys/powered_by_cpanel.svg]
[bittrustsecure.com/cdn-cgi/scripts/f2bf09f8/cloudflare-static/email-decode.min.html]
[bittrustsecure.com/cdn-cgi/l/email-protection.html]
[bittrustsecure.com/indexcc30b.html]
[bittrustsecure.com/index56ca.html]
[bittrustsecure.com/indexa972.html]
[bittrustsecure.com/netema/fonts/glyphicons-halflings-regular.html]
[bittrustsecure.com/netema/fonts/glyphicons-halflings-regular.svg]
[bittrustsecure.com/netema/css/owl.video.play.html]
[bittrustsecure.com/netema/css/fonts/flexslider-icon.html]
[bittrustsecure.com/netema/css/fonts/flexslider-icond41dd41dd41dd41dd41d.html]
[bittrustsecure.com/netema/css/fonts/flexslider-icon-2.html]
[bittrustsecure.com/netema/css/fonts/flexslider-icon-3.html]
[bittrustsecure.com/netema/css/fonts/flexslider-icon-4.html]
[bittrustsecure.com/netema/css/font/ytp-regular.html]
[bittrustsecure.com/netema/css/bxslider/images/arrow-left.html]
[bittrustsecure.com/netema/css/bxslider/images/arrow-right.html]
[bittrustsecure.com/netema/fonts/fontawesome-webfont3e6e3e6e3e6e3e6e3e6e.eot]
[bittrustsecure.com/netema/fonts/fontawesome-webfontd41dd41dd41dd41dd41d.eot]
[bittrustsecure.com/netema/fonts/fontawesome-webfont3e6e3e6e3e6e3e6e3e6e.html]
[bittrustsecure.com/netema/fonts/fontawesome-webfont3e6e3e6e3e6e3e6e3e6e.woff]
[bittrustsecure.com/netema/fonts/fontawesome-webfont3e6e3e6e3e6e3e6e3e6e.ttf]
[bittrustsecure.com/netema/css/font-awesome.min.css]
[bittrustsecure.com/netema/css/font-awesome-animation.min.css]
[bittrustsecure.com/netema/fonts/Pe-icon-7-strokebb1dbb1dbb1dbb1dbb1d.eot]
[bittrustsecure.com/netema/fonts/Pe-icon-7-stroked41dd41dd41dd41dd41d.eot]
[bittrustsecure.com/netema/fonts/fontawesome-webfont3e6e3e6e3e6e3e6e3e6e.svg]
[bittrustsecure.com/netema/fonts/Pe-icon-7-strokebb1dbb1dbb1dbb1dbb1d.woff]
[bittrustsecure.com/netema/fonts/Pe-icon-7-strokebb1dbb1dbb1dbb1dbb1d.ttf]
[bittrustsecure.com/netema/css/pe-icon-7-stroke.css]
[bittrustsecure.com/netema/fonts/ElegantIcons.eot]
[bittrustsecure.com/netema/fonts/Pe-icon-7-strokebb1dbb1dbb1dbb1dbb1d.svg]
[bittrustsecure.com/netema/fonts/ElegantIconsd41dd41dd41dd41dd41d.eot]
[bittrustsecure.com/netema/fonts/ElegantIcons.woff]
[bittrustsecure.com/netema/fonts/ElegantIcons.ttf]
[bittrustsecure.com/netema/css/elegant-icons.css]
[bittrustsecure.com/netema/css/utility-classes.css]
[bittrustsecure.com/netema/images/testimonials/quote_arrow.html]
[bittrustsecure.com/netema/js/revolution-slider/fonts/revicons/revicons90c690c690c690c690c6.svg]
[bittrustsecure.com/netema/js/revolution-slider/css/openhand.html]
[bittrustsecure.com/netema/js/revolution-slider/css/closedhand.html]
[bittrustsecure.com/css/bootstrap.min.css]
[bittrustsecure.com/netema/fonts/ElegantIcons.svg]
[bittrustsecure.com/webfonts/fontawesome/fa-brands-400.eot]
[bittrustsecure.com/webfonts/fontawesome/fa-brands-400d41dd41dd41d.eot]
[bittrustsecure.com/webfonts/fontawesome/fa-brands-400.woff]
[bittrustsecure.com/webfonts/fontawesome/fa-brands-400.ttf]
[bittrustsecure.com/webfonts/fontawesome/fa-brands-400.html]
[bittrustsecure.com/webfonts/fontawesome/fa-regular-400.eot]
[bittrustsecure.com/webfonts/fontawesome/fa-brands-400.svg]
[bittrustsecure.com/webfonts/fontawesome/fa-regular-400d41dd41dd41d.eot]
[bittrustsecure.com/webfonts/fontawesome/fa-regular-400.html]
[bittrustsecure.com/webfonts/fontawesome/fa-regular-400.woff]
[bittrustsecure.com/webfonts/fontawesome/fa-regular-400.ttf]
[bittrustsecure.com/webfonts/fontawesome/fa-solid-900.eot]
[bittrustsecure.com/webfonts/fontawesome/fa-regular-400.svg]
[bittrustsecure.com/webfonts/fontawesome/fa-solid-900d41dd41dd41d.eot]
[bittrustsecure.com/webfonts/fontawesome/fa-solid-900.html]
[bittrustsecure.com/webfonts/fontawesome/fa-solid-900.woff]
[bittrustsecure.com/webfonts/fontawesome/fa-solid-900.ttf]
[bittrustsecure.com/css/fontawesome-all.css]
[bittrustsecure.com/css/swiper.min.css]
[bittrustsecure.com/css/slider.css]
[bittrustsecure.com/css/navigation.css]
[bittrustsecure.com/css/owl.carousel.min.css]
[bittrustsecure.com/webfonts/fontawesome/fa-solid-900.svg]
[bittrustsecure.com/css/owl.theme.default.css]
[bittrustsecure.com/css/animate.css]
[bittrustsecure.com/css/owl.video.play.html]
[bittrustsecure.com/css/icons.css]
[bittrustsecure.com/css/themify.css]
[bittrustsecure.com/css/default.css]
[bittrustsecure.com/img/content/innovative-bg.svg]
[bittrustsecure.com/img/content/newsletter.png]
[bittrustsecure.com/css/styles.css]
[bittrustsecure.com/indexe47e.html]
[bittrustsecure.com/index0d07-2.html]
[bittrustsecure.com/index8083.html]
[bittrustsecure.com/_netema/images/bg/slide1.html]
[bittrustsecure.com/index-3.html]
[bittrustsecure.com/index-4.html]
[bittrustsecure.com/index0cc1.html]
[bittrustsecure.com/img-sys/powered_by_cpanel.svg]
[bittrustsecure.com/img-sys/favicon.html]
[bittrustsecure.com/img-sys/css/style.min.html]
[bittrustsecure.com/img-sys/js/respond.min.html]
[bittrustsecure.com/img-sys/js/modernizr-2.6.2.min.html]
[bittrustsecure.com/img-sys/img/snappy.html]
[bittrustsecure.com/netema/fonts/fontawesome-webfont3e6e3e6e3e6e3e6e3e6e.html]
[bittrustsecure.com/netema/fonts/fontawesome-webfont3e6e3e6e3e6e3e6e3e6e.svg]
[bittrustsecure.com/netema/fonts/Pe-icon-7-strokebb1dbb1dbb1dbb1dbb1d.svg]
[bittrustsecure.com/netema/fonts/ElegantIcons.svg]
[bittrustsecure.com/webfonts/fontawesome/fa-brands-400.html]
[bittrustsecure.com/webfonts/fontawesome/fa-brands-400.svg]
[bittrustsecure.com/webfonts/fontawesome/fa-regular-400.html]
[bittrustsecure.com/webfonts/fontawesome/fa-regular-400.svg]
[bittrustsecure.com/webfonts/fontawesome/fa-solid-900.html]
[bittrustsecure.com/webfonts/fontawesome/fa-solid-900.svg]
[bittrustsecure.com/css/regicons.613a1e6b6baab3ce6ddd4a16b32e118f.html]
[bittrustsecure.com/css/regicons.613a1e6b6baab3ce6ddd4a16b32e118fd41dd41d.html]
[bittrustsecure.com/css/regicons.927e1e94072f19ddb2ffe95655960f22.html]
[bittrustsecure.com/css/regicons.51c5f2b333d55cc6c8265de1801a3205.html]
[bittrustsecure.com/css/regicons.5c04f4644ff2e3fbf34a7aecac3ce764.html]
[bittrustsecure.com/css/manifest.html]
[bittrustsecure.com/css/head-scripts-content.html]
[bittrustsecure.com/css/head-scripts.html]
[bittrustsecure.com/css/hosting_static_all.html]
[bittrustsecure.com/css/owl.video.play.html]
[bittrustsecure.com/webfonts/premium/icomoonf946f946f946.eot]
[bittrustsecure.com/webfonts/premium/icomoonf946f946f946.ttf]
[bittrustsecure.com/webfonts/premium/icomoonf946f946f946.woff]
[bittrustsecure.com/css/icons.css]
[bittrustsecure.com/webfonts/themify/themify9f249f249f24.eot]
[bittrustsecure.com/webfonts/themify/themifyd41dd41dd41d.eot]
[bittrustsecure.com/webfonts/premium/icomoonf946f946f946.svg]
[bittrustsecure.com/webfonts/themify/themify9f249f249f24.woff]
[bittrustsecure.com/webfonts/themify/themify9f249f249f24.ttf]
[bittrustsecure.com/css/themify.css]
[bittrustsecure.com/img/content/innovative-bg.svg]
[bittrustsecure.com/css/regicons.613a1e6b6baab3ce6ddd4a16b32e118f.html]
[bittrustsecure.com/css/regicons.613a1e6b6baab3ce6ddd4a16b32e118fd41dd41d.html]
[bittrustsecure.com/css/regicons.927e1e94072f19ddb2ffe95655960f22.html]
[bittrustsecure.com/css/regicons.51c5f2b333d55cc6c8265de1801a3205.html]
[bittrustsecure.com/css/regicons.5c04f4644ff2e3fbf34a7aecac3ce764.html]
[bittrustsecure.com/css/manifest.html]
[bittrustsecure.com/css/head-scripts-content.html]
[bittrustsecure.com/css/head-scripts.html]
[bittrustsecure.com/css/hosting_static_all.html]
[bittrustsecure.com/webfonts/themify/themify9f249f249f24.svg]
[bittrustsecure.com/webfonts/premium/icomoonf946f946f946.svg]
[bittrustsecure.com/webfonts/themify/themify9f249f249f24.svg]
